src/pages/DashboardPage.tsx(118,32): error TS7053: Element implicitly has an 'any' type because expression of type '"liked_clothes" | "disliked_clothes"' can't be used to index type '{ liked_clothes: any; } | { disliked_clothes: any; }'.
  Property 'liked_clothes' does not exist on type '{ liked_clothes: any; } | { disliked_clothes: any; }'.
src/pages/LandingPage.tsx(146,15): error TS2322: Type '(el: HTMLDivElement | null) => HTMLDivElement | null' is not assignable to type 'Ref<HTMLDivElement> | undefined'.
  Type '(el: HTMLDivElement | null) => HTMLDivElement | null' is not assignable to type '(instance: HTMLDivElement | null) => void | (() => VoidOrUndefinedOnly)'.
    Type 'HTMLDivElement | null' is not assignable to type 'void | (() => VoidOrUndefinedOnly)'.
      Type 'null' is not assignable to type 'void | (() => VoidOrUndefinedOnly)'.
